
­ƒû╝  PNG ÔåÆ WebP Converter  (quality=90)

Found 37 PNG files in public/

  home\imagens\sobre.png                                    169.7 KB  ÔåÆ     26.0 KB  (85%)  [q90]
  home\imagens\video.png                                    175.5 KB  ÔåÆ     27.2 KB  (84%)  [q90]
  maquina-escrever\imagens\BLOG.png                          66.0 KB  ÔåÆ     33.6 KB  (49%)  [q90]
  maquina-escrever\imagens\ELA N VAI QUEBRAR.png            196.3 KB  ÔåÆ     45.3 KB  (77%)  [q90]
  maquina-escrever\imagens\MAQUINA DE ESCREVER.png          663.8 KB  ÔåÆ    263.8 KB  (60%)  [q90]
  maquina-escrever\imagens\MORAMOS NAS CHEGADAS.png         235.6 KB  ÔåÆ     73.1 KB  (69%)  [q90]
  maquina-escrever\imagens\OPUSCULO.png                     181.4 KB  ÔåÆ     35.1 KB  (81%)  [q90]
  maquina-escrever\imagens\SUBSTACK.png                      57.3 KB  ÔåÆ     30.8 KB  (46%)  [q90]
  mesa-arquitetura\1.png                                    153.5 KB  ÔåÆ     80.9 KB  (47%)  [lossless]
  mesa-arquitetura\10.png                                    37.3 KB  ÔåÆ     24.1 KB  (36%)  [lossless]
  mesa-arquitetura\11.png                                   526.6 KB  ÔåÆ    286.5 KB  (46%)  [lossless]
  mesa-arquitetura\12.png                                  2568.0 KB  ÔåÆ    403.4 KB  (84%)  [q90]
  mesa-arquitetura\13.png                                  1310.4 KB  ÔåÆ    138.5 KB  (89%)  [q90]
  mesa-arquitetura\14.png                                  1341.3 KB  ÔåÆ    157.8 KB  (88%)  [q90]
  mesa-arquitetura\15.png                                  1359.3 KB  ÔåÆ    155.1 KB  (89%)  [q90]
  mesa-arquitetura\16.png                                  1712.4 KB  ÔåÆ    146.1 KB  (91%)  [q90]
  mesa-arquitetura\17.png                                  1735.0 KB  ÔåÆ    161.5 KB  (91%)  [q90]
  mesa-arquitetura\18.png                                   561.6 KB  ÔåÆ    137.6 KB  (75%)  [q90]
  mesa-arquitetura\19.png                                   781.0 KB  ÔåÆ    183.2 KB  (77%)  [q90]
  mesa-arquitetura\2.png                                    344.5 KB  ÔåÆ    218.7 KB  (37%)  [lossless]
  mesa-arquitetura\3.png                                     80.9 KB  ÔåÆ     48.3 KB  (40%)  [lossless]
  mesa-arquitetura\4.png                                    115.6 KB  ÔåÆ     68.7 KB  (41%)  [lossless]
  mesa-arquitetura\5.png                                    111.8 KB  ÔåÆ     59.1 KB  (47%)  [lossless]
  mesa-arquitetura\6.png                                     86.7 KB  ÔåÆ     52.1 KB  (40%)  [lossless]
  mesa-arquitetura\7.png                                    139.2 KB  ÔåÆ     84.0 KB  (40%)  [lossless]
  mesa-arquitetura\8.png                                     61.0 KB  ÔåÆ     37.0 KB  (39%)  [lossless]
  mesa-arquitetura\9.png                                     37.2 KB  ÔåÆ     24.3 KB  (35%)  [lossless]
  pastas\imagens\ARQUITETURA.png                            377.9 KB  ÔåÆ    117.3 KB  (69%)  [q90]
  pastas\imagens\ARQUITETURA_BASE.png                       309.8 KB  ÔåÆ     84.2 KB  (73%)  [q90]
  pastas\imagens\INTERIORES.png                             406.0 KB  ÔåÆ    123.0 KB  (70%)  [q90]
  pastas\imagens\INTERIORES_BASE.png                        349.3 KB  ÔåÆ     95.2 KB  (73%)  [q90]
  pastas\imagens\MOBILIARIO.png                             358.1 KB  ÔåÆ    104.9 KB  (71%)  [q90]
  pastas\imagens\MOBILIARIO_BASE.png                        303.1 KB  ÔåÆ     80.6 KB  (73%)  [q90]
  pastas-2\pasta-arq-hover.png                              289.6 KB  ÔåÆ    142.2 KB  (51%)  [q90]
  pastas-2\pasta-arq.png                                    374.5 KB  ÔåÆ    122.3 KB  (67%)  [q90]
  sobre-mim\imagens\EU.png                                 1369.1 KB  ÔåÆ    165.2 KB  (88%)  [q90]
  sobre-mim\imagens\EU_BASE.png                             858.7 KB  ÔåÆ    135.5 KB  (84%)  [q90]

--- Updating references ---

  Ô£ô src\data\filme-fotografico.json
  Ô£ô src\data\home.json
  Ô£ô src\data\maquina-escrever.json
  Ô£ô src\data\mesa-arquitetura.json
  Ô£ô src\data\pastas.json
  Ô£ô src\data\projetos.json
  Ô£ô src\data\sobre-mim.json
  Ô£ô src\pages\mesa-arquitetura\index.html

ÔöÇÔöÇÔöÇÔöÇÔöÇÔöÇÔöÇÔöÇÔöÇÔöÇÔöÇÔöÇÔöÇÔöÇÔöÇÔöÇÔöÇÔöÇÔöÇÔöÇÔöÇÔöÇÔöÇÔöÇÔöÇÔöÇÔöÇÔöÇÔöÇÔöÇÔöÇÔöÇÔöÇÔöÇÔöÇÔöÇÔöÇÔöÇÔöÇÔöÇÔöÇÔöÇÔöÇÔöÇÔöÇÔöÇÔöÇÔöÇÔöÇÔöÇÔöÇÔöÇÔöÇÔöÇÔöÇÔöÇÔöÇÔöÇÔöÇÔöÇ
  Converted:  37/37 files
  Total PNG:  19805 KB
  Total WebP: 4172 KB
  Saved:      15633 KB  (79%)

